[    0.000000] Initializing cgroup subsys cpuset
[    0.000000] Initializing cgroup subsys cpu
[    0.000000] Linux version 2.6.32-24-generic (buildd@rothera) (gcc version 4.4.3 (Ubuntu 4.4.3-4ubuntu5) ) #39-Ubuntu SMP Wed Jul 28 06:07:29 UTC 2010 (Ubuntu 2.6.32-24.39-generic 2.6.32.15+drm33.5)
[    0.000000] KERNEL supported cpus:
[    0.000000]   Intel GenuineIntel
[    0.000000]   AMD AuthenticAMD
[    0.000000]   NSC Geode by NSC
[    0.000000]   Cyrix CyrixInstead
[    0.000000]   Centaur CentaurHauls
[    0.000000]   Transmeta GenuineTMx86
[    0.000000]   Transmeta TransmetaCPU
[    0.000000]   UMC UMC UMC UMC
[    0.000000] BIOS-provided physical RAM map:
[    0.000000]  BIOS-e820: 0000000000000000 - 000000000009fc00 (usable)
[    0.000000]  BIOS-e820: 000000000009fc00 - 00000000000a0000 (reserved)
[    0.000000]  BIOS-e820: 00000000000f0000 - 0000000000100000 (reserved)
[    0.000000]  BIOS-e820: 0000000000100000 - 000000003fff0000 (usable)
[    0.000000]  BIOS-e820: 000000003fff0000 - 0000000040000000 (ACPI data)
[    0.000000]  BIOS-e820: 00000000fffc0000 - 0000000100000000 (reserved)
[    0.000000] DMI 2.5 present.
[    0.000000] last_pfn = 0x3fff0 max_arch_pfn = 0x100000
[    0.000000] MTRR default type: uncachable
[    0.000000] MTRR variable ranges disabled:
[    0.000000] x86 PAT enabled: cpu 0, old 0x7040600070406, new 0x7010600070106
[    0.000000] CPU MTRRs all blank - virtualized system.
[    0.000000] e820 update range: 0000000000002000 - 0000000000006000 (usable) ==> (reserved)
[    0.000000] Scanning 1 areas for low memory corruption
[    0.000000] modified physical RAM map:
[    0.000000]  modified: 0000000000000000 - 0000000000002000 (usable)
[    0.000000]  modified: 0000000000002000 - 0000000000006000 (reserved)
[    0.000000]  modified: 0000000000006000 - 000000000009fc00 (usable)
[    0.000000]  modified: 000000000009fc00 - 00000000000a0000 (reserved)
[    0.000000]  modified: 00000000000f0000 - 0000000000100000 (reserved)
[    0.000000]  modified: 0000000000100000 - 000000003fff0000 (usable)
[    0.000000]  modified: 000000003fff0000 - 0000000040000000 (ACPI data)
[    0.000000]  modified: 00000000fffc0000 - 0000000100000000 (reserved)
[    0.000000] initial memory mapped : 0 - 00c00000
[    0.000000] init_memory_mapping: 0000000000000000-00000000377fe000
[    0.000000] Using x86 segment limits to approximate NX protection
[    0.000000]  0000000000 - 0000400000 page 4k
[    0.000000]  0000400000 - 0037400000 page 2M
[    0.000000]  0037400000 - 00377fe000 page 4k
[    0.000000] kernel direct mapping tables up to 377fe000 @ 7000-c000
[    0.000000] RAMDISK: 2f89a000 - 300335b0
[    0.000000] ACPI: RSDP 000e0000 00024 (v02 VBOX  )
[    0.000000] ACPI: XSDT 3fff0030 0003C (v01 VBOX   VBOXXSDT 00000001 ASL  00000061)
[    0.000000] ACPI: FACP 3fff00f0 000F4 (v04 VBOX   VBOXFACP 00000001 ASL  00000061)
[    0.000000] ACPI: DSDT 3fff0470 01BF1 (v01 VBOX   VBOXBIOS 00000002 INTL 20100528)
[    0.000000] ACPI: FACS 3fff0200 00040
[    0.000000] ACPI: APIC 3fff0240 0005C (v02 VBOX   VBOXAPIC 00000001 ASL  00000061)
[    0.000000] ACPI: SSDT 3fff02a0 001CC (v01 VBOX   VBOXCPUT 00000002 INTL 20100528)
[    0.000000] ACPI: Local APIC address 0xfee00000
[    0.000000] 135MB HIGHMEM available.
[    0.000000] 887MB LOWMEM available.
[    0.000000]   mapped low ram: 0 - 377fe000
[    0.000000]   low ram: 0 - 377fe000
[    0.000000]   node 0 low ram: 00000000 - 377fe000
[    0.000000]   node 0 bootmap 00008000 - 0000ef00
[    0.000000] (9 early reservations) ==> bootmem [0000000000 - 00377fe000]
[    0.000000]   #0 [0000000000 - 0000001000]   BIOS data page ==> [0000000000 - 0000001000]
[    0.000000]   #1 [0000001000 - 0000002000]    EX TRAMPOLINE ==> [0000001000 - 0000002000]
[    0.000000]   #2 [0000006000 - 0000007000]       TRAMPOLINE ==> [0000006000 - 0000007000]
[    0.000000]   #3 [0000100000 - 00008dbeb8]    TEXT DATA BSS ==> [0000100000 - 00008dbeb8]
[    0.000000]   #4 [002f89a000 - 00300335b0]          RAMDISK ==> [002f89a000 - 00300335b0]
[    0.000000]   #5 [000009f800 - 0000100000]    BIOS reserved ==> [000009f800 - 0000100000]
[    0.000000]   #6 [00008dc000 - 00008df10c]              BRK ==> [00008dc000 - 00008df10c]
[    0.000000]   #7 [0000007000 - 0000008000]          PGTABLE ==> [0000007000 - 0000008000]
[    0.000000]   #8 [0000008000 - 000000f000]          BOOTMAP ==> [0000008000 - 000000f000]
[    0.000000] found SMP MP-table at [c009fff0] 9fff0
[    0.000000] kvm-clock: cpu 0, msr 0:847721, boot clock
[    8.847790] Zone PFN ranges:
[    8.847800]   DMA      0x00000000 -> 0x00001000
[    8.847804]   Normal   0x00001000 -> 0x000377fe
[    8.847807]   HighMem  0x000377fe -> 0x0003fff0
[    8.847810] Movable zone start PFN for each node
[    8.847814] early_node_map[3] active PFN ranges
[    8.847817]     0: 0x00000000 -> 0x00000002
[    8.847821]     0: 0x00000006 -> 0x0000009f
[    8.847824]     0: 0x00000100 -> 0x0003fff0
[    8.847831] On node 0 totalpages: 262027
[    8.857581] free_area_init_node: node 0, pgdat c0798780, node_mem_map c1001000
[    8.857587]   DMA zone: 32 pages used for memmap
[    8.857589]   DMA zone: 0 pages reserved
[    8.857591]   DMA zone: 3963 pages, LIFO batch:0
[    8.857710]   Normal zone: 1744 pages used for memmap
[    8.857712]   Normal zone: 221486 pages, LIFO batch:31
[    8.861649]   HighMem zone: 272 pages used for memmap
[    8.861652]   HighMem zone: 34530 pages, LIFO batch:7
[    8.862167] Using APIC driver default
[    8.862643] ACPI: PM-Timer IO Port: 0x4008
[    8.862646] ACPI: Local APIC address 0xfee00000
[    8.862653] ACPI: LAPIC (acpi_id[0x00] lapic_id[0x00] enabled)
[    8.862655] ACPI: LAPIC (acpi_id[0x01] lapic_id[0x01] enabled)
[    8.862660] ACPI: IOAPIC (id[0x02] address[0xfec00000] gsi_base[0])
[    8.862703] IOAPIC[0]: apic_id 2, version 17, address 0xfec00000, GSI 0-23
[    8.862706] ACPI: INT_SRC_OVR (bus 0 bus_irq 0 global_irq 2 dfl dfl)
[    8.862709] ACPI: INT_SRC_OVR (bus 0 bus_irq 9 global_irq 9 high level)
[    8.862712] ACPI: IRQ0 used by override.
[    8.862713] ACPI: IRQ2 used by override.
[    8.862715] ACPI: IRQ9 used by override.
[    8.862719] Using ACPI (MADT) for SMP configuration information
[    8.862721] SMP: Allowing 2 CPUs, 0 hotplug CPUs
[    8.862734] nr_irqs_gsi: 24
[    8.862744] PM: Registered nosave memory: 0000000000002000 - 0000000000006000
[    8.862746] PM: Registered nosave memory: 000000000009f000 - 00000000000a0000
[    8.862748] PM: Registered nosave memory: 00000000000a0000 - 00000000000f0000
[    8.862749] PM: Registered nosave memory: 00000000000f0000 - 0000000000100000
[    8.862752] Allocating PCI resources starting at 40000000 (gap: 40000000:bffc0000)
[    8.862753] Booting paravirtualized kernel on KVM
[    8.862756] NR_CPUS:8 nr_cpumask_bits:8 nr_cpu_ids:2 nr_node_ids:1
[    8.866010] PERCPU: Embedded 14 pages/cpu @c1c00000 s36056 r0 d21288 u2097152
[    8.866018] pcpu-alloc: s36056 r0 d21288 u2097152 alloc=1*4194304
[    8.866020] pcpu-alloc: [0] 0 1 
[    8.866025] kvm-clock: cpu 0, msr 0:1c08721, primary cpu clock
[    8.866098] Built 1 zonelists in Zone order, mobility grouping on.  Total pages: 259979
[    8.866101] Kernel command line: BOOT_IMAGE=/boot/vmlinuz-2.6.32-24-generic root=UUID=b3abc51c-d29b-44dc-b916-50b2e20922e7 ro splash
[    8.866127] PID hash table entries: 4096 (order: 2, 16384 bytes)
[    8.866160] Dentry cache hash table entries: 131072 (order: 7, 524288 bytes)
[    8.866313] Inode-cache hash table entries: 65536 (order: 6, 262144 bytes)
[    8.866506] Enabling fast FPU save and restore... done.
[    8.866508] Enabling unmasked SIMD FPU exception support... done.
[    8.866510] Initializing CPU#0
[    8.866528] xsave/xrstor: enabled xstate_bv 0x7, cntxt size 0x340
[    8.871027] allocated 5242560 bytes of page_cgroup
[    8.871029] please try 'cgroup_disable=memory' option if you don't want memory cgroups
[    8.876516] Initializing HighMem for node 0 (000377fe:0003fff0)
[    8.879811] Memory: 1017332k/1048512k available (4679k kernel code, 30124k reserved, 2116k data, 660k init, 139208k highmem)
[    8.879815] virtual kernel memory layout:
[    8.879816]     fixmap  : 0xfff1d000 - 0xfffff000   ( 904 kB)
[    8.879816]     pkmap   : 0xff800000 - 0xffc00000   (4096 kB)
[    8.879817]     vmalloc : 0xf7ffe000 - 0xff7fe000   ( 120 MB)
[    8.879818]     lowmem  : 0xc0000000 - 0xf77fe000   ( 887 MB)
[    8.879818]       .init : 0xc07a3000 - 0xc0848000   ( 660 kB)
[    8.879819]       .data : 0xc0591d43 - 0xc07a2e88   (2116 kB)
[    8.879820]       .text : 0xc0100000 - 0xc0591d43   (4679 kB)
[    8.879822] Checking if this processor honours the WP bit even in supervisor mode...Ok.
[    8.881281] SLUB: Genslabs=13, HWalign=64, Order=0-3, MinObjects=0, CPUs=2, Nodes=1
[    8.881317] Hierarchical RCU implementation.
[    8.881321] NR_IRQS:2304 nr_irqs:424
[    8.889487] Console: colour VGA+ 80x25
[    8.957204] console [tty0] enabled
[    8.957786] Detected 2294.770 MHz processor.
[    8.958202] Calibrating delay loop (skipped) preset value.. 4589.54 BogoMIPS (lpj=9179080)
[    8.959027] Security Framework initialized
[    8.959441] AppArmor: AppArmor initialized
[    8.959851] Mount-cache hash table entries: 512
[    8.962780] Initializing cgroup subsys ns
[    8.964038] Initializing cgroup subsys cpuacct
[    8.964490] Initializing cgroup subsys memory
[    8.964966] Initializing cgroup subsys devices
[    8.965494] Initializing cgroup subsys freezer
[    8.965948] Initializing cgroup subsys net_cls
[    8.967187] CPU: Physical Processor ID: 0
[    8.967850] CPU: Processor Core ID: 0
[    8.968509] CPU: L1 I cache: 32K, L1 D cache: 32K
[    8.969223] CPU: L2 cache: 256K
[    8.969829] CPU: L3 cache: 3072K
[    8.970383] mce: CPU supports 0 MCE banks
[    8.970846] Performance Events: unsupported p6 CPU model 42 no PMU driver, software events only.
[    8.985431] ACPI: Core revision 20090903
[    8.986818] ftrace: converting mcount calls to 0f 1f 44 00 00
[    8.987332] ftrace: allocating 21780 entries in 43 pages
[    9.021498] Enabling APIC mode:  Flat.  Using 1 I/O APICs
[    9.023408] ..TIMER: vector=0x30 apic1=0 pin1=2 apic2=-1 pin2=-1
[    9.023874] CPU0: Intel(R) Core(TM) i5-2415M CPU @ 2.30GHz stepping 07
[    9.130714] Booting processor 1 APIC 0x1 ip 0x6000
[    9.141370] Initializing CPU#1
[    9.142425] CPU: Physical Processor ID: 0
[    9.142427] CPU: Processor Core ID: 1
[    9.142434] CPU: L1 I cache: 32K, L1 D cache: 32K
[    9.142435] CPU: L2 cache: 256K
[    9.142436] CPU: L3 cache: 3072K
[    9.142443] mce: CPU supports 0 MCE banks
[    9.142489] CPU1: Intel(R) Core(TM) i5-2415M CPU @ 2.30GHz stepping 07
[    9.146167] checking TSC synchronization [CPU#0 -> CPU#1]: passed.
[    9.166840] kvm-clock: cpu 1, msr 0:1e08721, secondary cpu clock
[    9.166864] Brought up 2 CPUs
[    9.166867] Total of 2 processors activated (9179.08 BogoMIPS).
[    9.168496] CPU0 attaching sched-domain:
[    9.168499]  domain 0: span 0-1 level CPU
[    9.168500]   groups: 0 1
[    9.168504] CPU1 attaching sched-domain:
[    9.168506]  domain 0: span 0-1 level CPU
[    9.168507]   groups: 1 0
[    9.168724] devtmpfs: initialized
[    9.169756] regulator: core version 0.5
[    9.170236] Time: 22:21:45  Date: 08/29/15
[    9.171191] NET: Registered protocol family 16
[    9.171799] EISA bus registered
[    9.171891] Trying to unpack rootfs image as initramfs...
[    9.173140] ACPI: bus type pci registered
[    9.173976] PCI: PCI BIOS revision 2.10 entry at 0xfda26, last bus=0
[    9.174746] PCI: Using configuration type 1 for base access
[    9.176499] bio: create slab <bio-0> at 0
[    9.178141] ACPI: EC: Look up EC in DSDT
[    9.180111] ACPI: Executed 1 blocks of module-level executable AML code
[    9.183045] ACPI: Interpreter enabled
[    9.183472] ACPI: (supports S0 S5)
[    9.184362] ACPI: Using IOAPIC for interrupt routing
[    9.187560] ACPI: No dock devices found.
[    9.188251] ACPI: PCI Root Bridge [PCI0] (0000:00)
[    9.190016] pci 0000:00:01.1: reg 20 io port: [0xd000-0xd00f]
[    9.191795] pci 0000:00:02.0: reg 10 32bit mmio pref: [0xe0000000-0xe1ffffff]
[    9.193627] pci 0000:00:03.0: reg 10 32bit mmio: [0xf0000000-0xf001ffff]
[    9.193774] pci 0000:00:03.0: reg 18 io port: [0xd010-0xd017]
[    9.194604] pci 0000:00:04.0: reg 10 io port: [0xd020-0xd03f]
[    9.196259] pci 0000:00:04.0: reg 14 32bit mmio: [0xf0400000-0xf07fffff]
[    9.198659] pci 0000:00:04.0: reg 18 32bit mmio pref: [0xf0800000-0xf0803fff]
[    9.199240] pci 0000:00:05.0: reg 10 io port: [0xd100-0xd1ff]
[    9.199307] pci 0000:00:05.0: reg 14 io port: [0xd200-0xd23f]
[    9.200723] pci 0000:00:06.0: reg 10 32bit mmio: [0xf0804000-0xf0804fff]
[    9.202684] pci 0000:00:0b.0: reg 10 32bit mmio: [0xf0805000-0xf0805fff]
[    9.203301] pci 0000:00:0d.0: reg 10 io port: [0xd240-0xd247]
[    9.203387] pci 0000:00:0d.0: reg 18 io port: [0xd250-0xd257]
[    9.203472] pci 0000:00:0d.0: reg 20 io port: [0xd260-0xd26f]
[    9.204229] pci 0000:00:0d.0: reg 24 32bit mmio: [0xf0806000-0xf0807fff]
[    9.204579] pci_bus 0000:00: on NUMA node 0
[    9.204601] ACPI: PCI Interrupt Routing Table [\_SB_.PCI0._PRT]
[    9.211454] ACPI: PCI Interrupt Link [LNKA] (IRQs 5 9 10 *11)
[    9.212992] ACPI: PCI Interrupt Link [LNKB] (IRQs 5 9 10 *11)
[    9.214633] ACPI: PCI Interrupt Link [LNKC] (IRQs 5 9 *10 11)
[    9.216263] ACPI: PCI Interrupt Link [LNKD] (IRQs 5 *9 10 11)
[    9.219138] vgaarb: device added: PCI:0000:00:02.0,decodes=io+mem,owns=io+mem,locks=none
[    9.219951] vgaarb: loaded
[    9.220439] SCSI subsystem initialized
[    9.222931] libata version 3.00 loaded.
[    9.223062] usbcore: registered new interface driver usbfs
[    9.223864] usbcore: registered new interface driver hub
[    9.224382] usbcore: registered new device driver usb
[    9.224956] ACPI: WMI: Mapper loaded
[    9.225416] PCI: Using ACPI for IRQ routing
[    9.226168] NetLabel: Initializing
[    9.226614] NetLabel:  domain hash size = 128
[    9.227055] NetLabel:  protocols = UNLABELED CIPSOv4
[    9.227525] NetLabel:  unlabeled traffic allowed by default
[    9.228077] Switching to clocksource kvm-clock
[    9.230882] AppArmor: AppArmor Filesystem Enabled
[    9.231362] pnp: PnP ACPI init
[    9.231769] ACPI: bus type pnp registered
[    9.233649] pnp: PnP ACPI: found 5 devices
[    9.234379] ACPI: ACPI bus type pnp unregistered
[    9.235139] PnPBIOS: Disabled
[    9.272445] pci_bus 0000:00: resource 0 io:  [0x00-0xffff]
[    9.272449] pci_bus 0000:00: resource 1 mem: [0x000000-0xffffffff]
[    9.272475] NET: Registered protocol family 2
[    9.273035] IP route cache hash table entries: 32768 (order: 5, 131072 bytes)
[    9.273806] TCP established hash table entries: 131072 (order: 8, 1048576 bytes)
[    9.279339] TCP bind hash table entries: 65536 (order: 7, 524288 bytes)
[    9.280665] TCP: Hash tables configured (established 131072 bind 65536)
[    9.281294] TCP reno registered
[    9.281806] NET: Registered protocol family 1
[    9.282361] pci 0000:00:00.0: Limiting direct PCI/PCI transfers
[    9.282886] pci 0000:00:01.0: Activating ISA DMA hang workarounds
[    9.283704] pci 0000:00:02.0: Boot video device
[    9.283941] platform rtc_cmos: registered platform RTC device (no PNP device found)
[    9.285495] cpufreq-nforce2: No nForce2 chipset.
[    9.286401] Scanning for low memory corruption every 60 seconds
[    9.287020] audit: initializing netlink socket (disabled)
[    9.287514] type=2000 audit(1440886914.176:1): initialized
[    9.295309] highmem bounce pool size: 64 pages
[    9.296059] HugeTLB registered 4 MB page size, pre-allocated 0 pages
[    9.301161] VFS: Disk quotas dquot_6.5.2
[    9.301642] Dquot-cache hash table entries: 1024 (order 0, 4096 bytes)
[    9.302513] fuse init (API version 7.13)
[    9.303059] msgmni has been set to 1716
[    9.303627] alg: No test for stdrng (krng)
[    9.304158] Block layer SCSI generic (bsg) driver version 0.4 loaded (major 253)
[    9.304948] io scheduler noop registered
[    9.305418] io scheduler anticipatory registered
[    9.305869] io scheduler deadline registered
[    9.306337] io scheduler cfq registered (default)
[    9.306844] pci_hotplug: PCI Hot Plug PCI Core version: 0.5
[    9.307368] pciehp: PCI Express Hot Plug Controller Driver version: 0.4
[    9.308276] ACPI: AC Adapter [AC] (off-line)
[    9.308783] input: Power Button as /devices/LNXSYSTM:00/LNXPWRBN:00/input/input0
[    9.309615] ACPI: Power Button [PWRF]
[    9.310129] input: Sleep Button as /devices/LNXSYSTM:00/LNXSLPBN:00/input/input1
[    9.310939] ACPI: Sleep Button [SLPF]
[    9.311653] processor LNXCPU:00: registered as cooling_device0
[    9.312172] processor LNXCPU:01: registered as cooling_device1
[    9.319909] Serial: 8250/16550 driver, 4 ports, IRQ sharing enabled
[    9.321724] brd: module loaded
[    9.322431] loop: module loaded
[    9.322904] input: Macintosh mouse button emulation as /devices/virtual/input/input2
[    9.323770] ata_piix 0000:00:01.1: version 2.13
[    9.323849] ata_piix 0000:00:01.1: setting latency timer to 64
[    9.325314] ACPI: Battery Slot [BAT0] (battery present)
[    9.325812] isapnp: Scanning for PnP cards...
[    9.364227] Freeing initrd memory: 7781k freed
[    9.365688] scsi0 : ata_piix
[    9.366299] scsi1 : ata_piix
[    9.366719] ata1: PATA max UDMA/33 cmd 0x1f0 ctl 0x3f6 bmdma 0xd000 irq 14
[    9.367281] ata2: PATA max UDMA/33 cmd 0x170 ctl 0x376 bmdma 0xd008 irq 15
[    9.368026] Fixed MDIO Bus: probed
[    9.368467] PPP generic driver version 2.4.2
[    9.369037] tun: Universal TUN/TAP device driver, 1.6
[    9.369548] tun: (C) 1999-2004 Max Krasnyansky <maxk@qualcomm.com>
[    9.370132] ehci_hcd: USB 2.0 'Enhanced' Host Controller (EHCI) Driver
[    9.371016]   alloc irq_desc for 19 on node -1
[    9.371018]   alloc kstat_irqs on node -1
[    9.371038] ehci_hcd 0000:00:0b.0: PCI INT A -> GSI 19 (level, low) -> IRQ 19
[    9.371613] ehci_hcd 0000:00:0b.0: setting latency timer to 64
[    9.371626] ehci_hcd 0000:00:0b.0: EHCI Host Controller
[    9.372134] ehci_hcd 0000:00:0b.0: new USB bus registered, assigned bus number 1
[    9.373155] ehci_hcd 0000:00:0b.0: irq 19, io mem 0xf0805000
[    9.387180] ehci_hcd 0000:00:0b.0: USB 2.0 started, EHCI 1.00
[    9.388043] usb usb1: configuration #1 chosen from 1 choice
[    9.388626] hub 1-0:1.0: USB hub found
[    9.389066] hub 1-0:1.0: 12 ports detected
[    9.389629] ohci_hcd: USB 1.1 'Open' Host Controller (OHCI) Driver
[    9.390193]   alloc irq_desc for 22 on node -1
[    9.390195]   alloc kstat_irqs on node -1
[    9.390215] ohci_hcd 0000:00:06.0: PCI INT A -> GSI 22 (level, low) -> IRQ 22
[    9.390867] ohci_hcd 0000:00:06.0: setting latency timer to 64
[    9.390903] ohci_hcd 0000:00:06.0: OHCI Host Controller
[    9.391408] ohci_hcd 0000:00:06.0: new USB bus registered, assigned bus number 2
[    9.392306] ohci_hcd 0000:00:06.0: irq 22, io mem 0xf0804000
[    9.450091] usb usb2: configuration #1 chosen from 1 choice
[    9.450926] hub 2-0:1.0: USB hub found
[    9.451423] hub 2-0:1.0: 12 ports detected
[    9.452140] uhci_hcd: USB Universal Host Controller Interface driver
[    9.452732] PNP: PS/2 Controller [PNP0303:PS2K,PNP0f03:PS2M] at 0x60,0x64 irq 1,12
[    9.454101] serio: i8042 KBD port at 0x60,0x64 irq 1
[    9.454587] serio: i8042 AUX port at 0x60,0x64 irq 12
[    9.455162] mice: PS/2 mouse device common for all mice
[    9.455858] rtc_cmos rtc_cmos: rtc core: registered rtc_cmos as rtc0
[    9.456526] rtc0: alarms up to one day, 114 bytes nvram
[    9.457090] device-mapper: uevent: version 1.0.3
[    9.457841] device-mapper: ioctl: 4.15.0-ioctl (2009-04-01) initialised: dm-devel@redhat.com
[    9.459005] device-mapper: multipath: version 1.1.0 loaded
[    9.459613] device-mapper: multipath round-robin: version 1.0.0 loaded
[    9.460287] EISA: Probing bus 0 at eisa.0
[    9.462229] Cannot allocate resource for EISA slot 4
[    9.463034] EISA: Detected 0 cards.
[    9.464002] cpuidle: using governor ladder
[    9.464793] cpuidle: using governor menu
[    9.466055] TCP cubic registered
[    9.466959] NET: Registered protocol family 10
[    9.468120] lo: Disabled Privacy Extensions
[    9.469540] NET: Registered protocol family 17
[    9.470455] Using IPI No-Shortcut mode
[    9.470952] input: AT Translated Set 2 keyboard as /devices/platform/i8042/serio0/input/input3
[    9.471025] PM: Resume from disk failed.
[    9.471036] registered taskstats version 1
[    9.471609]   Magic number: 11:350:402
[    9.472786] rtc_cmos rtc_cmos: setting system clock to 2015-08-29 22:21:45 UTC (1440886905)
[    9.473683] BIOS EDD facility v0.16 2004-Jun-25, 0 devices found
[    9.474229] EDD information not available.
[    9.530116] ata2.00: ATAPI: VBOX CD-ROM, 1.0, max UDMA/133
[    9.531060] ata2.00: configured for UDMA/33
[    9.695557] isapnp: No Plug & Play device found
[    9.696415] scsi 1:0:0:0: CD-ROM            VBOX     CD-ROM           1.0  PQ: 0 ANSI: 5
[    9.701014] sr0: scsi3-mmc drive: 32x/32x xa/form2 tray
[    9.701516] Uniform CD-ROM driver Revision: 3.20
[    9.702057] sr 1:0:0:0: Attached scsi CD-ROM sr0
[    9.702101] sr 1:0:0:0: Attached scsi generic sg0 type 5
[    9.702745] Freeing unused kernel memory: 660k freed
[    9.704980] Write protecting the kernel text: 4680k
[    9.706078] Write protecting the kernel read-only data: 1840k
[    9.728957] udev: starting version 151
[    9.780775] ahci 0000:00:0d.0: version 3.0
[    9.780885]   alloc irq_desc for 21 on node -1
[    9.780887]   alloc kstat_irqs on node -1
[    9.780922] ahci 0000:00:0d.0: PCI INT A -> GSI 21 (level, low) -> IRQ 21
[    9.800973] Intel(R) PRO/1000 Network Driver - version 7.3.21-k5-NAPI
[    9.801801] Copyright (c) 1999-2006 Intel Corporation.
[    9.807306] ahci: SSS flag set, parallel bus scan disabled
[    9.808156] ahci 0000:00:0d.0: AHCI 0001.0100 32 slots 1 ports 3 Gbps 0x1 impl SATA mode
[    9.809008] ahci 0000:00:0d.0: flags: 64bit ncq stag only ccc 
[    9.809562] ahci 0000:00:0d.0: setting latency timer to 64
[    9.809713] scsi2 : ahci
[    9.810335] ata3: SATA max UDMA/133 abar m8192@0xf0806000 port 0xf0806100 irq 21
[    9.811787] e1000 0000:00:03.0: PCI INT A -> GSI 19 (level, low) -> IRQ 19
[    9.813240] e1000 0000:00:03.0: setting latency timer to 64
[    9.857865] usb 2-1: new full speed USB device using ohci_hcd and address 2
[   10.115744] usb 2-1: configuration #1 chosen from 1 choice
[   10.134134] ata3: SATA link up 3.0 Gbps (SStatus 123 SControl 300)
[   10.135195] ata3.00: ATA-6: VBOX HARDDISK, 1.0, max UDMA/133
[   10.136012] ata3.00: 25165824 sectors, multi 128: LBA48 NCQ (depth 31/32)
[   10.137061] ata3.00: configured for UDMA/133
[   10.137663] scsi 2:0:0:0: Direct-Access     ATA      VBOX HARDDISK    1.0  PQ: 0 ANSI: 5
[   10.138844] sd 2:0:0:0: [sda] 25165824 512-byte logical blocks: (12.8 GB/12.0 GiB)
[   10.139830] sd 2:0:0:0: [sda] Write Protect is off
[   10.140483] sd 2:0:0:0: [sda] Mode Sense: 00 3a 00 00
[   10.140598] sd 2:0:0:0: Attached scsi generic sg1 type 0
[   10.141239] sd 2:0:0:0: [sda] Write cache: enabled, read cache: enabled, doesn't support DPO or FUA
[   10.142324]  sda: sda1 sda2 < sda5 >
[   10.144489] sd 2:0:0:0: [sda] Attached SCSI disk
[   10.148166] usbcore: registered new interface driver hiddev
[   10.162056] input: VirtualBox USB Tablet as /devices/pci0000:00/0000:00:06.0/usb2/2-1/2-1:1.0/input/input4
[   10.163164] generic-usb 0003:80EE:0021.0001: input,hidraw0: USB HID v1.10 Mouse [VirtualBox USB Tablet] on usb-0000:00:06.0-1/input0
[   10.164279] usbcore: registered new interface driver usbhid
[   10.164847] usbhid: v2.6:USB HID core driver
[   10.170240] e1000: 0000:00:03.0: e1000_probe: (PCI:33MHz:32-bit) 08:00:27:e0:41:e6
[   10.210142] e1000: eth0: e1000_probe: Intel(R) PRO/1000 Network Connection
[   10.222061] kjournald starting.  Commit interval 5 seconds
[   10.222570] EXT3-fs: mounted filesystem with ordered data mode.
[   11.881711] udev: starting version 151
[   11.894678] Adding 959480k swap on /dev/sda5.  Priority:-1 extents:1 across:959480k 
[   11.946238] vga16fb: initializing
[   11.946241] vga16fb: mapped to 0xc00a0000
[   11.946280] fb0: VGA16 VGA frame buffer device
[   11.967737] EXT3 FS on sda1, internal journal
[   11.992087] lp: driver loaded but no devices found
[   12.038426] udev: renamed network interface eth0 to eth3
[   12.090717] piix4_smbus 0000:00:07.0: SMBus base address uninitialized - upgrade BIOS or use force_addr=0xaddr
[   12.100198] input: Video Bus as /devices/LNXSYSTM:00/LNXSYBUS:00/PNP0A03:00/LNXVIDEO:00/input/input5
[   12.100226] ACPI: Video Device [GFX0] (multi-head: yes  rom: no  post: no)
[   12.102354] parport_pc 00:04: reported by Plug and Play ACPI
[   12.113720] Linux agpgart interface v0.103
[   12.272529] type=1505 audit(1440886908.297:2):  operation="profile_load" pid=466 name="/sbin/dhclient3"
[   12.272618] type=1505 audit(1440886908.297:3):  operation="profile_load" pid=466 name="/usr/lib/NetworkManager/nm-dhcp-client.action"
[   12.272661] type=1505 audit(1440886908.297:4):  operation="profile_load" pid=466 name="/usr/lib/connman/scripts/dhclient-script"
[   12.302027] [drm] Initialized drm 1.1.0 20060810
[   12.303082]   alloc irq_desc for 18 on node -1
[   12.303084]   alloc kstat_irqs on node -1
[   12.303115] pci 0000:00:02.0: PCI INT A -> GSI 18 (level, low) -> IRQ 18
[   12.303140] pci 0000:00:02.0: setting latency timer to 64
[   12.303217] [drm] Initialized vboxvideo 1.0.0 20090303 for 0000:00:02.0 on minor 0
[   12.304632] ppdev: user-space parallel port driver
[   12.366273] Intel ICH 0000:00:05.0: PCI INT A -> GSI 21 (level, low) -> IRQ 21
[   12.373015] Intel ICH 0000:00:05.0: setting latency timer to 64
[   12.401610] psmouse serio1: ID: 10 00 64
[   12.407488] input: ImExPS/2 Generic Explorer Mouse as /devices/platform/i8042/serio1/input/input6
[   12.657146] intel8x0: white list rate for 1028:0177 is 48000
[   12.658296]   alloc irq_desc for 20 on node -1
[   12.658299]   alloc kstat_irqs on node -1
[   12.658351] vboxguest 0000:00:04.0: PCI INT A -> GSI 20 (level, low) -> IRQ 20
[   12.662694] VbgdCommonInitDevExt: Setting up heartbeat to trigger every 2000 milliseconds
[   12.663457] input: Unspecified device as /devices/pci0000:00/0000:00:04.0/input/input7
[   12.664161] vboxguest: misc device minor 55, IRQ 20, I/O port d020, MMIO at 00000000f0400000 (size 0x400000)
[   12.664163] vboxguest: Successfully loaded version 5.0.2 (interface 0x00010004)
[   12.684697] Console: switching to colour frame buffer device 80x30
[   13.081593] e1000: eth3 NIC Link is Up 1000 Mbps Full Duplex, Flow Control: RX
[   13.086401] ADDRCONF(NETDEV_UP): eth3: link is not ready
[   13.087169] ADDRCONF(NETDEV_CHANGE): eth3: link becomes ready
[   13.176736] type=1505 audit(1440886909.205:5):  operation="profile_load" pid=811 name="/usr/share/gdm/guest-session/Xsession"
[   13.178297] type=1505 audit(1440886909.205:6):  operation="profile_replace" pid=834 name="/sbin/dhclient3"
[   13.178731] type=1505 audit(1440886909.205:7):  operation="profile_replace" pid=834 name="/usr/lib/NetworkManager/nm-dhcp-client.action"
[   13.178967] type=1505 audit(1440886909.205:8):  operation="profile_replace" pid=834 name="/usr/lib/connman/scripts/dhclient-script"
[   17.320005] type=1505 audit(1440886914.525:9):  operation="profile_load" pid=835 name="/usr/bin/evince"
[   17.323304] type=1505 audit(1440886914.528:10):  operation="profile_load" pid=835 name="/usr/bin/evince-previewer"
[   17.325958] type=1505 audit(1440886914.532:11):  operation="profile_load" pid=835 name="/usr/bin/evince-thumbnailer"
[   17.506859] type=1505 audit(1440886914.713:12):  operation="profile_load" pid=1063 name="/usr/lib/cups/backend/cups-pdf"
[   17.506996] type=1505 audit(1440886914.713:13):  operation="profile_load" pid=1063 name="/usr/sbin/cupsd"
[   17.558449] type=1505 audit(1440886914.764:14):  operation="profile_load" pid=1064 name="/usr/sbin/tcpdump"
[   24.041507] eth3: no IPv6 routers present
[ 1745.967336] Hello world, this is Tiago Moore
[ 1745.967339] Hello world, this is Tiago G Moore 2
[ 1745.967340] Hello world this is Tiago G C Moore
